[1/42] VC6 bitmap16
[2/42] VC6 bitmap24
[3/42] VC6 monframeinfo
[4/42] VC6 binkmanager
[5/42] VC6 palette
[6/42] VC6 widget
[7/42] VC6 u2dvers
[8/42] VC6 wingraph
[9/42] VC6 hiscore
[10/42] VC6 csprite
[11/42] VC6 cspriteframe
[12/42] VC6 sample
[13/42] VC6 combatcontrolsubwindow
[14/42] VC6 initialize
[15/42] VC6 textwdgt
[16/42] VC6 resourcemanager
[17/42] VC6 textresource
[18/42] VC6 drawing
[19/42] VC6 events
[20/42] VC6 resource
[21/42] VC6 resourcedisplay
[22/42] VC6 winfile
[23/42] VC6 smackmgr
[24/42] VC6 soundmgr
[25/42] VC6 exec
[26/42] VC6 campaignbrief
[27/42] VC6 combatwindow
[28/42] VC6 bitmap816
[29/42] VC6 multiplayerwindow
[30/42] VC6 kb
[31/42] VC6 bottomviewsubwindow
[32/42] VC6 sacrifice_window
[33/42] VC6 artifact
[34/42] VC6 seerhut
[35/42] VC6 ai_combat
[36/42] VC6 ai
[37/42] VC6 fly
[38/42] VC6 remote
[39/42] VC6 combatresultswindow
[40/42] VC6 ai_player
[41/42] VC6 puzzlewindow
[42/42] VC6 viewarmywindow
configure: 131 VC6 units -> build.ninja + build/objdiff/objdiff.json
[build normalize_objs] 42 normalized, 220 fresh, 234 target-padding span(s) retained -> /home/sheep/Projects/homm3/wt-coldui/build/objdiff/normalized
configure: 131 VC6 units -> build.ninja + build/objdiff/objdiff.json
[build] 1103/1470 functions exact (75.0%), 61.72% fuzzy across 131 unit(s)
[build] report: build/objdiff/report.json
[status] baseline: 0 added, 0 migrated, 0 max raised, 0 max accepted, 0 historical peaks recovered, 0 empty legacy retired -> match_baseline.tsv (1470 rows)
[status] ratchet clean (1470 functions at or above their recorded best)
[build] va-claims: 1402 claims in 118 files; 1 known-backlog (va-claims-baseline.tsv) - no new violations
[build] single-view: 0 split(s) - no new splits
[build] cleanliness: C-style casts 0, reinterpret_casts 0, cpp extern decls 0, .cpp-local views 0, .cpp-local enums 0, casts to enum types 0, magic case labels 0, unnamed domain compares 0 (floors hold)
[status] executable matched: 16.28% (fuzzy bytes / 1,996,012 unfiltered B)
[build] delink inputs changed since the last synth PDB (src/winfile.cpp, src/wingraph.cpp, src/sacrifice_window.cpp, src/bitmap16.cpp, +38 more) - run `homm3 delink`
